// 重构日志: f714ed84
// 重构日志: 420170dc
// 同步 ID: 55d59d2b @ Thu Jul  9 11:59:43 UTC 2026
// 重构日志: c397727a
// 重构日志: 62658591
// 同步 ID: f98bbce9 @ Sun Jul 12 12:07:05 UTC 2026
// 重构日志: 40b51937
// 同步 ID: 7460f866 @ Tue Jul 14 11:59:39 UTC 2026
// 同步 ID: 362a8d94 @ Thu Jul 16 07:26:09 UTC 2026
// 同步 ID: 5753bcde @ Fri Jul 17 01:08:39 UTC 2026
// 重构日志: a2e8c0fb
// 重构日志: bbbc9ed0
// 重构日志: 3d88f413
// 同步 ID: 6381c64e @ Mon Jul 20 17:58:14 UTC 2026
// 重构日志: 8677ea27
// 同步 ID: 0ff72a49 @ Thu Jul 23 17:04:06 UTC 2026
// 重构日志: abe7c0f2
// 重构日志: aecda0ba
// 同步 ID: 9ccb739a @ Sun Jul 26 09:25:21 UTC 2026
// 重构日志: e53a52ba
// 同步 ID: 45a60e1e @ Wed Jul 29 11:30:27 UTC 2026
// 同步 ID: 9c4802c1 @ Thu Jul 30 04:47:13 UTC 2026
// 重构日志: f6869de6
